[padmamurali108.wixsite.com/home.html]
[static.parastorage.com/unpkg/core-js-bundle@3.2.1/minified.js]
[static.parastorage.com/unpkg/focus-within-polyfill@5.0.9/dist/focus-within-polyfill.js]
[backblue.gif]
[fade.gif]
[index.html]
[polyfill.io/v3/polyfill.mind82c.js]
[padmamurali108.wixsite.com/home/decodeURIComponent(e]
[browser.sentry-cdn.com/5.21.4/bundle.min.js]
[padmamurali108.wixsite.com/home/https_]
[padmamurali108.wixsite.com/home/robots.txt]
[padmamurali108.wixsite.com/home/sitemap.xml]
[padmamurali108.wixsite.com/home/feed.xml]
[static.parastorage.com/services/wix-thunderbolt/dist/bootstrap-features.16709d1f.bundle.min.js]
[static.parastorage.com/services/wix-thunderbolt/dist/main.d977b784.bundle.min.js]
[static.parastorage.com/unpkg/lodash@4.17.21/lodash.min.js]
[static.parastorage.com/unpkg/react@16.13.1/umd/react.production.min.js]
[static.parastorage.com/services/editor-elements/dist/componentSdks.7b901cd0.bundle.min.js]
[static.parastorage.com/services/tag-manager-client/1.427.0/siteTags.bundle.min.js]
[static.parastorage.com/services/editor-elements/dist/thunderboltElements.737b3fbb.bundle.min.js]
[padmamurali108.wixsite.com/index.html]
[static.parastorage.com/services/wix-perf-measure/1.512.0/wix-perf-measure.bundle.min.js]
[padmamurali108.wixsite.com/home/version/index.html]
[static.parastorage.com/unpkg/react-dom@16.13.1/umd/react-dom.production.min.js]
[static.wixstatic.com/media/817a1f_2561256deaf04ac5a99da895d95bb507_mv2.jpg/v1/fill/w_245,h_89,al_c,q_80,usm_0.66_1.00_0.01,blur_2/817a1f_2561256deaf04ac5a99da895d95bb507_mv2.jpg]
[static.wixstatic.com/media/817a1f_91d1c3cd25ea412a8feb2f1775796e58_mv2.jpg/v1/fill/w_175,h_117,al_c,q_80,usm_0.66_1.00_0.01,blur_2/both_edited.jpg]
[static.wixstatic.com/media/817a1f_ef56ea164bc54bb6984b71c19f4d1107_mv2.jpg/v1/fill/w_175,h_175,al_c,q_80,usm_0.66_1.00_0.01,blur_2/prem_coffee_edited_edited.jpg]
[static.wixstatic.com/media/817a1f_757a461f712449f3a158cdc035f4ca1c_mv2.jpg/v1/fill/w_175,h_131,al_c,q_80,usm_0.66_1.00_0.01,blur_2/coco_powder_edited_edited_edited.jpg]
[padmamurali108.wixsite.com/home.html]
[padmamurali108.wixsite.com/home/decodeURIComponent(e.html]
[padmamurali108.wixsite.com/home/https_.html]
[padmamurali108.wixsite.com/home/robots.html]
[padmamurali108.wixsite.com/home/feed.html]
[padmamurali108.wixsite.com/index.html]
[padmamurali108.wixsite.com/home/version/index.html]
[padmamurali108.wixsite.com/home/cart-page.html]
[padmamurali108.wixsite.com/home/cart-page.html]
[padmamurali108.wixsite.com/home/home-1.html]
[padmamurali108.wixsite.com/home/home-1.html]
